[36mvite v7.3.1 [32mbuilding client environment for production...[36m[39m
[32mΓ£ô[39m 0 modules transformed.
node.exe : [31mΓ£ù[39m 
Build failed in 20ms
At C:\Program 
Files\nodejs\npx.ps1:29 
char:3
+   & $NODE_EXE 
$NPX_CLI_JS $args
+   ~~~~~~~~~~~~~~~~~~~~~~
~~~~~~~
    + CategoryInfo        
      : NotSpecified: (  
  [31mΓ£ù[39m Build fa   
 iled in 20ms:String)     
[], RemoteException
    + FullyQualifiedError 
   Id : NativeCommandErr  
  or
 
[31merror during build:
[31mCould not resolve 
entry module 
"index.html".[31m
    at getRollupError (fil
e:///C:/Users/anua2/OneDri
ve/Desktop/kod%203/placeme
nt-app/node_modules/rollup
/dist/es/shared/parseAst.j
s:402:41)
    at error (file:///C:/U
sers/anua2/OneDrive/Deskto
p/kod%203/placement-app/no
de_modules/rollup/dist/es/
shared/parseAst.js:398:42)
    at ModuleLoader.loadEn
tryModule (file:///C:/User
s/anua2/OneDrive/Desktop/k
od%203/placement-app/node_
modules/rollup/dist/es/sha
red/node-entry.js:21708:20
)
    at async Promise.all 
(index 0)[39m
