src/components/BuildStep.tsx(16,7): error TS6133: 'STEPS_ORDER' is declared but its value is never read.
src/layouts/BuildTrackLayout.tsx(2,10): error TS6133: 'CheckCircle2' is declared but its value is never read.
src/layouts/BuildTrackLayout.tsx(2,24): error TS6133: 'Circle' is declared but its value is never read.
src/layouts/BuildTrackLayout.tsx(2,32): error TS6133: 'Lock' is declared but its value is never read.
src/layouts/BuildTrackLayout.tsx(2,38): error TS6133: 'ChevronRight' is declared but its value is never read.
src/layouts/BuildTrackLayout.tsx(2,73): error TS6133: 'Hammer' is declared but its value is never read.
src/layouts/BuildTrackLayout.tsx(4,1): error TS6133: 'Card' is declared but its value is never read.
src/layouts/BuildTrackLayout.tsx(94,35): error TS6133: 'isLocked' is declared but its value is never read.
src/pages/History.tsx(50,37): error TS2339: Property 'readinessScore' does not exist on type 'HistoryEntry'.
src/pages/Proof.tsx(3,23): error TS6133: 'ExternalLink' is declared but its value is never read.
src/pages/rb/ProofRB.tsx(3,17): error TS6133: 'Copy' is declared but its value is never read.
src/pages/rb/ProofRB.tsx(3,23): error TS6133: 'ExternalLink' is declared but its value is never read.
src/pages/rb/ProofRB.tsx(3,37): error TS6133: 'ShieldCheck' is declared but its value is never read.
src/pages/rb/ProofRB.tsx(3,50): error TS6133: 'Home' is declared but its value is never read.
src/pages/rb/ProofRB.tsx(4,52): error TS6133: 'CardDescription' is declared but its value is never read.
src/pages/rb/ProofRB.tsx(73,51): error TS6133: 'i' is declared but its value is never read.
src/pages/rb/Step07_Test.tsx(3,31): error TS6133: 'RefreshCcw' is declared but its value is never read.
src/pages/rb/Step07_Test.tsx(3,57): error TS6133: 'AlertTriangle' is declared but its value is never read.
src/pages/rb/Step08_Ship.tsx(3,10): error TS6133: 'Lock' is declared but its value is never read.
src/pages/rb/Step08_Ship.tsx(3,24): error TS6133: 'Home' is declared but its value is never read.
src/pages/rb/Step08_Ship.tsx(4,1): error TS6192: All imports in import declaration are unused.
src/pages/Results.tsx(14,1): error TS6133: 'SKILL_CATEGORIES' is declared but its value is never read.
src/pages/Results.tsx(248,28): error TS6133: 'checklist' is declared but its value is never read.
src/pages/resume/ResumeLanding.tsx(2,10): error TS6133: 'ArrowRight' is declared but its value is never read.
src/pages/Ship.tsx(10,11): error TS6133: 'navigate' is declared but its value is never read.
src/pages/TestChecklist.tsx(4,52): error TS6133: 'CardDescription' is declared but its value is never read.
